// Jest Snapshot v1, https://goo.gl/fbAQLP

exports[`Alert renders correctly 1`] = `
<div
  className="sc-jwKygS cBmECM StyledGrommet-sc-19lkkz7-0 bBubtL"
>
  <div
    className="sc-gqjmRU sc-jzJRlG chuvNI sc-VigVT gJMZjz"
  >
    <div>
      
      An alert
    </div>
  </div>
</div>
`;
