// Jest Snapshot v1, https://goo.gl/fbAQLP

exports[`Badge renders correctly 1`] = `
<div
  className="StyledGrommet-sc-19lkkz7-0 bBubtL"
>
  <div
    className="sc-bdVaJa lgVSbN"
  >
    <div
      className="sc-gqjmRU juqtoI sc-gZMcBi bhtlIA sc-htoDjs giRJYk sc-gzVnrw jCPitn"
    >
      Badge
    </div>
  </div>
</div>
`;
