// Jest Snapshot v1, https://goo.gl/fbAQLP

exports[`Box renders correctly 1`] = `
<div
  className="sc-bdVaJa lgVSbN StyledGrommet-sc-19lkkz7-0 bBubtL"
>
  <div
    className="sc-htoDjs jslKMR sc-gzVnrw jnVFiX"
  >
    A box
  </div>
</div>
`;
