// Jest Snapshot v1, https://goo.gl/fbAQLP

exports[`ButtonGroup renders correctly 1`] = `
<div
  className="sc-btzYZH jBDBBH StyledGrommet-sc-19lkkz7-0 bBubtL"
>
  <div
    className="sc-htoDjs sc-cMljjf dQmdry sc-gzVnrw pznRG sc-bZQynM kMvugX"
  >
    <button
      className="sc-kEYyzF sc-brqgnP fjrEUv sc-iAyFgw kTGuvf StyledButton-sc-323bzc-0 djTlJn"
      onBlur={[Function]}
      onFocus={[Function]}
      onMouseOut={[Function]}
      onMouseOver={[Function]}
      type="button"
    >
      First
    </button>
    <button
      className="sc-kEYyzF sc-brqgnP fjrEUv sc-iAyFgw kTGuvf StyledButton-sc-323bzc-0 djTlJn"
      onBlur={[Function]}
      onFocus={[Function]}
      onMouseOut={[Function]}
      onMouseOver={[Function]}
      type="button"
    >
      Second
    </button>
    <button
      className="sc-kEYyzF sc-brqgnP fjrEUv sc-iAyFgw kTGuvf StyledButton-sc-323bzc-0 djTlJn"
      onBlur={[Function]}
      onFocus={[Function]}
      onMouseOut={[Function]}
      onMouseOver={[Function]}
      type="button"
    >
      Third
    </button>
  </div>
</div>
`;
