// Jest Snapshot v1, https://goo.gl/fbAQLP

exports[`Search renders correctly 1`] = `
<div
  className="sc-btzYZH jBDBBH StyledGrommet-sc-19lkkz7-0 bBubtL"
>
  <div
    className="sc-iRbamj fcGLpU sc-gPEVay iZWcVf"
  >
    <div
      className="sc-gzVnrw hZnCYl sc-bZQynM kMvugX"
    >
      Lorem ipsum dolor so ammet
    </div>
  </div>
</div>
`;
