// Jest Snapshot v1, https://goo.gl/fbAQLP

exports[`CodeWithCopy renders correctly 1`] = `
<div
  className="sc-bdVaJa jKopLr"
>
  <span
    className="code-with-copy sc-kGXeez jspWRf sc-kAzzGY dirfrO sc-cSHVUG gNHJJ"
  >
    <code
      title="This value has been copied to your clipboard!"
    >
      22ab7io
    </code>
    <span
      onClick={[Function]}
    >
      <button
        className="code-with-copy__copy sc-VigVT hegYug sc-iwsKbI jsGHng sc-htoDjs blFLcR"
        onClick={[Function]}
        theme={
          Object {
            "breakpoints": Array [
              32,
              48,
              64,
              80,
            ],
            "colors": Object {
              "danger": Object {
                "dark": "#661B1B",
                "light": "#FFECEC",
                "main": "#FF4444",
                "semilight": "#FFA1A1",
              },
              "gray": Object {
                "dark": "#9f9f9f",
                "light": "#f4f4f4",
                "main": "#c6c8c9",
              },
              "info": Object {
                "dark": "#0D3C58",
                "light": "#E9F4FB",
                "main": "#2297DE",
                "semilight": "#90CBEE",
              },
              "primary": Object {
                "dark": "#1E87C7",
                "light": "#5FB3E7",
                "main": "#2297DE",
              },
              "quartenary": Object {
                "dark": "#D3D6DB",
                "light": "#F0F3F7",
                "main": "#EBEFF4",
              },
              "secondary": Object {
                "dark": "#E5B01F",
                "light": "#FFD45E",
                "main": "#FFC523",
              },
              "statusConfiguring": Object {
                "main": "#ffb25e",
              },
              "statusIdle": Object {
                "main": "#89c683",
              },
              "statusInactive": Object {
                "main": "#d3d6db",
              },
              "statusOffline": Object {
                "main": "#fd7c7c",
              },
              "statusPostProvisioning": Object {
                "main": "#aa96d5",
              },
              "statusUpdating": Object {
                "main": "#75C5F5",
              },
              "success": Object {
                "dark": "#1E4707",
                "light": "#EDF7E7",
                "main": "#4DB313",
                "semilight": "#A6D989",
              },
              "tertiary": Object {
                "dark": "#2F3033",
                "light": "#7E8085",
                "main": "#4D5057",
              },
              "text": Object {
                "dark": "#1c1d1e",
                "light": "#8f9297",
                "main": "#3c3e42",
              },
              "warning": Object {
                "dark": "#64410D",
                "light": "#FEF5E9",
                "main": "#FCA321",
                "semilight": "#FDD190",
              },
            },
            "font": "Roboto, Arial, sans-serif",
            "fontSizes": Array [
              12,
              14,
              16,
              20,
              24,
              32,
              48,
              64,
              72,
              96,
            ],
            "monospace": "'Ubuntu Mono', 'Courier New', monospace",
            "radius": 3,
            "space": Array [
              0,
              4,
              8,
              16,
              36,
              48,
              128,
            ],
            "weights": Array [
              400,
              700,
            ],
          }
        }
      >
        <svg
          fill="currentColor"
          height="1em"
          preserveAspectRatio="xMidYMid meet"
          style={
            Object {
              "color": undefined,
              "verticalAlign": "middle",
            }
          }
          viewBox="0 0 40 40"
          width="1em"
        >
          <g>
            <path
              d="m17.1 37.1h20v-14.2h-9.2q-0.9 0-1.6-0.7t-0.6-1.5v-9.3h-8.6v25.7z m5.8-32.1v-1.4q0-0.3-0.3-0.5t-0.5-0.2h-15.7q-0.3 0-0.5 0.2t-0.2 0.5v1.4q0 0.3 0.2 0.5t0.5 0.2h15.7q0.3 0 0.5-0.2t0.3-0.5z m5.7 15h6.6l-6.6-6.7v6.7z m11.4 2.9v15q0 0.9-0.6 1.5t-1.5 0.6h-21.5q-0.9 0-1.5-0.6t-0.6-1.5v-3.6h-12.2q-0.9 0-1.5-0.6t-0.6-1.6v-30q0-0.8 0.6-1.5t1.5-0.6h24.3q0.9 0 1.5 0.6t0.7 1.5v7.4q0.4 0.3 0.8 0.6l9.1 9.1q0.6 0.6 1.1 1.7t0.4 2z"
            />
          </g>
        </svg>
      </button>
    </span>
  </span>
</div>
`;
