// Jest Snapshot v1, https://goo.gl/fbAQLP

exports[`Divider renders correctly 1`] = `
<div
  className="sc-btzYZH jBDBBH StyledGrommet-sc-19lkkz7-0 bBubtL"
>
  <hr
    className="sc-jDwBTQ fIjELo sc-jAaTju goPlGf"
  />
</div>
`;
