// Jest Snapshot v1, https://goo.gl/fbAQLP

exports[`Filters component should match the stored snapshot 1`] = `
.c4 {
  box-sizing: border-box;
}

.c3 {
  margin-bottom: 16px;
}

.c18 {
  margin-top: 1px;
}

.c5 {
  display: -webkit-box;
  display: -webkit-flex;
  display: -ms-flexbox;
  display: flex;
  -webkit-box-pack: justify;
  -webkit-justify-content: space-between;
  -ms-flex-pack: justify;
  justify-content: space-between;
}

.c17 {
  display: -webkit-box;
  display: -webkit-flex;
  display: -ms-flexbox;
  display: flex;
  -webkit-align-items: center;
  -webkit-box-align: center;
  -ms-flex-align: center;
  align-items: center;
  -webkit-box-pack: justify;
  -webkit-justify-content: space-between;
  -ms-flex-pack: justify;
  justify-content: space-between;
}

.c8 {
  display: inline-block;
  box-sizing: border-box;
  cursor: pointer;
  outline: none;
  font: inherit;
  -webkit-text-decoration: none;
  text-decoration: none;
  margin: 0;
  background: transparent;
  overflow: visible;
  text-transform: none;
  border: 1px solid #00AEEF;
  border-radius: 20px;
  color: #444444;
  padding: 4px 30px;
  font-size: 14px;
  line-height: 1.5;
  background: #00AEEF;
  color: #444444;
  border-radius: 20px;
  -webkit-transition: 0.1s ease-in-out;
  transition: 0.1s ease-in-out;
}

.c8:hover {
  box-shadow: 0px 0px 0px 2px #00AEEF;
}

.c16 {
  display: inline-block;
  box-sizing: border-box;
  cursor: pointer;
  outline: none;
  font: inherit;
  -webkit-text-decoration: none;
  text-decoration: none;
  margin: 0;
  background: transparent;
  overflow: visible;
  text-transform: none;
  border: 1px solid #00AEEF;
  border-radius: 20px;
  color: #444444;
  padding: 4px 30px;
  font-size: 14px;
  line-height: 1.5;
  -webkit-transition: 0.1s ease-in-out;
  transition: 0.1s ease-in-out;
}

.c16:hover {
  box-shadow: 0px 0px 0px 2px #00AEEF;
}

.c1 {
  font-family: 'Nunito',Arial,sans-serif;
  font-size: 14px;
  line-height: 1.5;
  box-sizing: border-box;
  -webkit-text-size-adjust: 100%;
  -ms-text-size-adjust: 100%;
  -moz-osx-font-smoothing: grayscale;
  -webkit-font-smoothing: antialiased;
}

.c7 {
  font-family: CircularStd,Arial,sans-serif;
  font-weight: 500;
  height: 38px;
  white-space: nowrap;
  display: -webkit-inline-box;
  display: -webkit-inline-flex;
  display: -ms-inline-flexbox;
  display: inline-flex;
  -webkit-align-items: center;
  -webkit-box-align: center;
  -ms-flex-align: center;
  align-items: center;
  -webkit-box-pack: center;
  -webkit-justify-content: center;
  -ms-flex-pack: center;
  justify-content: center;
  color: white;
}

.c7 svg {
  color: inherit !important;
  font-size: 0.875em;
}

.c7:disabled {
  cursor: not-allowed;
}

.c7:hover:enabled,
.c7:focus:enabled,
.c7:active:enabled {
  box-shadow: none;
  background: hsl(196.29999999999995,100%,37.5%);
  border-color: hsl(196.29999999999995,100%,37.5%);
  color: white;
  opacity: undefined;
}

.c15 {
  font-family: CircularStd,Arial,sans-serif;
  font-weight: 500;
  height: 38px;
  white-space: nowrap;
  display: -webkit-inline-box;
  display: -webkit-inline-flex;
  display: -ms-inline-flexbox;
  display: inline-flex;
  -webkit-align-items: center;
  -webkit-box-align: center;
  -ms-flex-align: center;
  align-items: center;
  -webkit-box-pack: center;
  -webkit-justify-content: center;
  -ms-flex-pack: center;
  justify-content: center;
  color: #00AEEF;
  border-color: #00AEEF;
}

.c15 svg {
  color: inherit !important;
  font-size: 0.875em;
}

.c15:disabled {
  cursor: not-allowed;
}

.c15:hover:enabled,
.c15:focus:enabled,
.c15:active:enabled {
  box-shadow: none;
  background: #00AEEF;
  border-color: #00AEEF;
  color: white;
  opacity: undefined;
}

.c6 {
  margin-right: 30px;
}

.c14 {
  padding-left: 16px;
  padding-right: 0;
}

.c10 {
  position: relative;
  width: 100%;
  border-bottom: 1px solid #c6c8c9;
  padding-left: 24px;
  padding-top: 3px;
}

.c10 .search-icon {
  color: #c6c8c9;
  font-size: 0.9em;
  position: absolute;
  top: 50%;
  left: 4px;
  -webkit-transform: translateY(-50%);
  -ms-transform: translateY(-50%);
  transform: translateY(-50%);
}

.c10 input {
  outline: none;
  background: transparent;
  box-shadow: none;
  border: none;
  width: 100%;
  font-size: inherit;
  padding: 5px 5px 8px;
  height: auto;
}

.c10 input:hover {
  box-shadow: none;
}

.c10 input::-webkit-input-placeholder {
  color: #c6c8c9;
  font-weight: 300;
}

.c10 input::-moz-placeholder {
  color: #c6c8c9;
  font-weight: 300;
}

.c10 input:-ms-input-placeholder {
  color: #c6c8c9;
  font-weight: 300;
}

.c10 input::placeholder {
  color: #c6c8c9;
  font-weight: 300;
}

.c12 {
  display: inline-block;
  border-radius: 3px;
  vertical-align: top;
  position: relative;
}

.c19 {
  width: 28px;
}

.c13 {
  margin: 0;
  width: 100%;
}

.c11 {
  margin-left: 30px;
}

.c9 {
  -webkit-flex-basis: 500px;
  -ms-flex-preferred-size: 500px;
  flex-basis: 500px;
}

.c2 {
  position: relative;
}

.c0 {
  font-family: 'Nunito',Arial,sans-serif;
}

.c0 h1,
.c0 h2,
.c0 h3,
.c0 h4,
.c0 h5,
.c0 h6,
.c0 label,
.c0 button {
  font-family: CircularStd,Arial,sans-serif;
}

<div
  className="c0 c1"
>
  <div
    className="c2 c3 c4"
  >
    <div
      className="c5 c4"
    >
      <button
        className="c6 c7 c8"
        onBlur={[Function]}
        onClick={[Function]}
        onFocus={[Function]}
        onMouseOut={[Function]}
        onMouseOver={[Function]}
        type="button"
      >
        <svg
          fill="currentColor"
          height="1em"
          preserveAspectRatio="xMidYMid meet"
          style={
            Object {
              "color": undefined,
              "marginRight": 10,
              "verticalAlign": "middle",
            }
          }
          viewBox="0 0 40 40"
          width="1em"
        >
          <g>
            <path
              d="m35.8 6.6q0.4 0.9-0.3 1.5l-11 11.1v16.5q0 1-0.9 1.3-0.3 0.1-0.5 0.1-0.6 0-1-0.4l-5.7-5.7q-0.5-0.4-0.5-1v-10.8l-11-11q-0.7-0.7-0.3-1.6 0.4-0.9 1.3-0.9h28.6q0.9 0 1.3 0.9z"
            />
          </g>
        </svg>
        Add filter
      </button>
      <div
        className="c9"
      >
        <div
          className="c10"
        >
          <input
            onChange={[Function]}
            placeholder="Search entries..."
            style={
              Object {
                "color": undefined,
              }
            }
            value=""
          />
          <svg
            className="search-icon"
            fill="currentColor"
            height="1em"
            name="search"
            preserveAspectRatio="xMidYMid meet"
            style={
              Object {
                "color": undefined,
                "verticalAlign": "middle",
              }
            }
            viewBox="0 0 40 40"
            width="1em"
          >
            <g>
              <path
                d="m27.2 18.6q0-4.2-2.9-7.1t-7.1-2.9-7 2.9-3 7.1 2.9 7 7.1 3 7.1-3 2.9-7z m11.4 18.5q0 1.2-0.8 2.1t-2 0.8q-1.2 0-2-0.8l-7.7-7.7q-4 2.8-8.9 2.8-3.2 0-6.1-1.3t-5-3.3-3.4-5-1.2-6.1 1.2-6.1 3.4-5.1 5-3.3 6.1-1.2 6.1 1.2 5 3.3 3.4 5.1 1.2 6.1q0 4.9-2.7 8.9l7.6 7.6q0.8 0.9 0.8 2z"
              />
            </g>
          </svg>
        </div>
      </div>
      <div
        className=""
      >
        <div
          className="c11 c12 c4"
        >
          <button
            className="c13 c14 c15 c16"
            onBlur={[Function]}
            onClick={[Function]}
            onFocus={[Function]}
            onMouseOut={[Function]}
            onMouseOver={[Function]}
            type="button"
          >
            <div
              className="c17 c4"
            >
              <div
                className="c18 c4"
              >
                <span>
                  <svg
                    fill="currentColor"
                    height="1em"
                    preserveAspectRatio="xMidYMid meet"
                    style={
                      Object {
                        "color": undefined,
                        "marginRight": 10,
                        "verticalAlign": "middle",
                      }
                    }
                    viewBox="0 0 40 40"
                    width="1em"
                  >
                    <g>
                      <path
                        d="m17.6 19.9l12.2 12.2q-2.3 2.4-5.5 3.7t-6.7 1.3q-4.6 0-8.6-2.3t-6.2-6.2-2.3-8.6 2.3-8.6 6.2-6.2 8.6-2.3v17z m4.2 0.1h17.3q0 3.5-1.4 6.7t-3.7 5.5z m15.8-2.9h-17.1v-17.1q4.7 0 8.6 2.3t6.2 6.2 2.3 8.6z"
                      />
                    </g>
                  </svg>
                  Views
                </span>
              </div>
              <span
                className="c19"
              >
                <svg
                  fill="currentColor"
                  height="1em"
                  preserveAspectRatio="xMidYMid meet"
                  style={
                    Object {
                      "color": undefined,
                      "verticalAlign": "middle",
                    }
                  }
                  viewBox="0 0 40 40"
                  width="1em"
                >
                  <g>
                    <path
                      d="m31.4 15.7q0 0.6-0.5 1l-10 10q-0.4 0.4-1 0.4t-1-0.4l-10-10q-0.4-0.4-0.4-1t0.4-1 1-0.4h20q0.6 0 1 0.4t0.5 1z"
                    />
                  </g>
                </svg>
              </span>
            </div>
          </button>
        </div>
      </div>
    </div>
  </div>
</div>
`;
