// Jest Snapshot v1, https://goo.gl/fbAQLP

exports[`Fixed renders correctly 1`] = `
<div
  className="sc-bdVaJa iLLxmY"
>
  <div
    className="sc-htoDjs jslKMR sc-gzVnrw jLwIZh"
  >
    Fixed
  </div>
</div>
`;
