// Jest Snapshot v1, https://goo.gl/fbAQLP

exports[`Form component should match the stored snapshot 1`] = `
.c9 {
  display: inline-block;
  box-sizing: border-box;
  cursor: pointer;
  outline: none;
  font: inherit;
  -webkit-text-decoration: none;
  text-decoration: none;
  margin: 0;
  background: transparent;
  overflow: visible;
  text-transform: none;
  border: 1px solid #00AEEF;
  border-radius: 20px;
  color: #444444;
  padding: 4px 30px;
  font-size: 14px;
  line-height: 1.5;
  background: #00AEEF;
  color: #444444;
  border-radius: 20px;
  -webkit-transition: 0.1s ease-in-out;
  transition: 0.1s ease-in-out;
}

.c9:hover {
  box-shadow: 0px 0px 0px 2px #00AEEF;
}

.c1 {
  font-family: 'Nunito',Arial,sans-serif;
  font-size: 14px;
  line-height: 1.5;
  box-sizing: border-box;
  -webkit-text-size-adjust: 100%;
  -ms-text-size-adjust: 100%;
  -moz-osx-font-smoothing: grayscale;
  -webkit-font-smoothing: antialiased;
}

.c8 {
  font-family: CircularStd,Arial,sans-serif;
  font-weight: 400;
  height: 36px;
  display: -webkit-inline-box;
  display: -webkit-inline-flex;
  display: -ms-inline-flexbox;
  display: inline-flex;
  -webkit-align-items: center;
  -webkit-box-align: center;
  -ms-flex-align: center;
  align-items: center;
  -webkit-box-pack: center;
  -webkit-justify-content: center;
  -ms-flex-pack: center;
  justify-content: center;
  color: white;
}

.c8 svg {
  color: inherit !important;
  font-size: 0.875em;
}

.c8:disabled {
  cursor: not-allowed;
}

.c8:hover:enabled,
.c8:focus:enabled,
.c8:active:enabled {
  box-shadow: none;
  background: hsl(196.29999999999995,100%,37.5%);
  border-color: hsl(196.29999999999995,100%,37.5%);
  color: white;
  opacity: undefined;
}

.c3 {
  box-sizing: border-box;
}

.c4 {
  margin-bottom: 8px;
}

.c7 {
  border-radius: 3px;
  height: 36px;
  font-size: inherit;
  border: 1px solid #c6c8c9;
  padding: 0px 16px;
  box-sizing: border-box;
}

.c7[disabled] {
  background-color: #f4f4f4;
  cursor: not-allowed;
}

.c7:focus:enabled {
  border-color: #2A506F;
}

.c7:hover:enabled {
  box-shadow: 0 0 4px 1px rgba(0,0,0,0.1);
}

.c7::-webkit-input-placeholder {
  color: #c6c8c9;
}

.c7::-moz-placeholder {
  color: #c6c8c9;
}

.c7:-ms-input-placeholder {
  color: #c6c8c9;
}

.c7::placeholder {
  color: #c6c8c9;
}

.c7[type='checkbox'] {
  height: auto;
  font-size: 14px;
}

.c7[type='date' i]::-webkit-inner-spin-button,
.c7[type='datetime-local' i]::-webkit-inner-spin-button,
.c7[type='month' i]::-webkit-inner-spin-button,
.c7[type='time' i]::-webkit-inner-spin-button,
.c7[type='week' i]::-webkit-inner-spin-button {
  height: 20px;
  margin-top: 7px;
}

.c6 {
  width: 100%;
}

.c0 {
  font-family: 'Nunito',Arial,sans-serif;
}

.c0 h1,
.c0 h2,
.c0 h3,
.c0 h4,
.c0 h5,
.c0 h6,
.c0 label,
.c0 button {
  font-family: CircularStd,Arial,sans-serif;
}

.c5 {
  font-size: 11px;
  color: #252629;
  text-transform: uppercase;
  display: inline-block;
  margin-bottom: 6px;
}

.c2 fieldset {
  margin: 0;
  padding: 0;
  border: 0;
}

.c2 .panel-danger,
.c2 .error-detail {
  font-size: 14px;
  margin-top: 4px;
  margin-bottom: 4px;
  color: #FF423D;
}

<div
  className="c0 c1"
>
  <div
    className="c2 c3"
  >
    <form
      className="rjsf"
      noValidate={false}
      onSubmit={[Function]}
    >
      <div
        className="form-group field field-object rendition-form__field--root c4 c3"
      >
        <fieldset>
          <div
            className="form-group field field-string rendition-form__field--root_Name c4 c3"
          >
            <label
              className="control-label c5"
              htmlFor="root_Name"
            >
              Pokemon Name
            </label>
            <input
              autoFocus={false}
              className="c6 c7"
              disabled={false}
              id="root_Name"
              label="Pokemon Name"
              onBlur={[Function]}
              onChange={[Function]}
              onFocus={[Function]}
              placeholder=""
              readOnly={false}
              required={false}
              type="text"
              value="Bulbasaur"
            />
            <div />
          </div>
        </fieldset>
        <div />
      </div>
      <button
        className="c8 c9"
        onBlur={[Function]}
        onFocus={[Function]}
        onMouseOut={[Function]}
        onMouseOver={[Function]}
        type="submit"
      >
        Submit
      </button>
    </form>
  </div>
</div>
`;
