// Jest Snapshot v1, https://goo.gl/fbAQLP

exports[`Gauge renders correctly 1`] = `
<div
  className="sc-bdVaJa jKopLr"
>
  <div
    className="sc-htoDjs gDCMNh sc-gzVnrw iQdaNH"
    data={
      Array [
        Object {
          "color": "beige",
          "name": "Vanilla",
          "value": 8,
        },
        Object {
          "color": "brown",
          "name": "Chocolate",
          "value": 9,
        },
        Object {
          "color": "pink",
          "name": "Strawberry",
          "value": 7,
        },
      ]
    }
    title="Ice Cream"
  >
    <div
      className="gauge__graph"
    >
      <canvas
        height="165"
        width="165"
      />
    </div>
    <ul
      className="gauge__legend"
    >
      <li
        className="gauge__legend-item"
      >
        <span
          className="gauge__legend-color"
          style={
            Object {
              "backgroundColor": "beige",
            }
          }
        >
           
        </span>
        <span
          className="gauge__legend-name"
        >
          Vanilla
        </span>
      </li>
      <li
        className="gauge__legend-item"
      >
        <span
          className="gauge__legend-color"
          style={
            Object {
              "backgroundColor": "brown",
            }
          }
        >
           
        </span>
        <span
          className="gauge__legend-name"
        >
          Chocolate
        </span>
      </li>
      <li
        className="gauge__legend-item"
      >
        <span
          className="gauge__legend-color"
          style={
            Object {
              "backgroundColor": "pink",
            }
          }
        >
           
        </span>
        <span
          className="gauge__legend-name"
        >
          Strawberry
        </span>
      </li>
    </ul>
  </div>
</div>
`;
