// Jest Snapshot v1, https://goo.gl/fbAQLP

exports[`Heading renders correctly 1`] = `
<div
  className="sc-bdVaJa iLLxmY"
>
  <h3
    className="sc-gqjmRU fFRxtu sc-gZMcBi ZBeRI"
  >
    Heading
  </h3>
</div>
`;
