// Jest Snapshot v1, https://goo.gl/fbAQLP

exports[`Img renders correctly 1`] = `
<div
  className="StyledGrommet-sc-19lkkz7-0 bBubtL"
>
  <div
    className="sc-bdVaJa lgVSbN"
  >
    <img
      className="sc-bwzfXH OesNc"
    />
  </div>
</div>
`;
