// Jest Snapshot v1, https://goo.gl/fbAQLP

exports[`Input renders correctly 1`] = `
<div
  className="sc-bdVaJa lgVSbN StyledGrommet-sc-19lkkz7-0 bBubtL"
>
  <input
    className="sc-htoDjs jslKMR sc-gzVnrw kTybyL"
    placeholder="Placeholder Text"
  />
</div>
`;
