// Jest Snapshot v1, https://goo.gl/fbAQLP

exports[`Link component Should match the stored snapshot 1`] = `
<div
  className="StyledGrommet-sc-19lkkz7-0 bBubtL"
>
  <div
    className="sc-bdVaJa lgVSbN"
  >
    <a
      className="sc-gqjmRU gGJhRh sc-gZMcBi hxAtdb"
      color="primary.main"
    >
      Link
    </a>
  </div>
</div>
`;
