// Jest Snapshot v1, https://goo.gl/fbAQLP

exports[`RadioButtonGroup renders correctly 1`] = `
.c3 {
  display: -webkit-box;
  display: -webkit-flex;
  display: -ms-flexbox;
  display: flex;
  box-sizing: border-box;
  outline: none;
  max-width: 100%;
  margin: 0px;
  min-width: 0;
  min-height: 0;
  -webkit-flex-direction: column;
  -ms-flex-direction: column;
  flex-direction: column;
  padding: 0px;
}

.c5 {
  display: -webkit-box;
  display: -webkit-flex;
  display: -ms-flexbox;
  display: flex;
  box-sizing: border-box;
  outline: none;
  max-width: 100%;
  margin: 0px;
  -webkit-align-items: center;
  -webkit-box-align: center;
  -ms-flex-align: center;
  align-items: center;
  min-width: 0;
  min-height: 0;
  -webkit-flex-direction: row;
  -ms-flex-direction: row;
  flex-direction: row;
  padding: 0px;
}

.c6 {
  display: -webkit-box;
  display: -webkit-flex;
  display: -ms-flexbox;
  display: flex;
  box-sizing: border-box;
  outline: none;
  max-width: 100%;
  margin-right: 10px;
  min-width: 0;
  min-height: 0;
  -webkit-flex-direction: column;
  -ms-flex-direction: column;
  flex-direction: column;
  padding: 0px;
}

.c8 {
  display: -webkit-box;
  display: -webkit-flex;
  display: -ms-flexbox;
  display: flex;
  box-sizing: border-box;
  outline: none;
  max-width: 100%;
  margin: 0px;
  height: 20px;
  width: 20px;
  -webkit-align-items: center;
  -webkit-box-align: center;
  -ms-flex-align: center;
  align-items: center;
  border: solid 1px rgba(0,0,0,0.15);
  min-width: 0;
  min-height: 0;
  -webkit-flex-direction: column;
  -ms-flex-direction: column;
  flex-direction: column;
  -webkit-box-pack: center;
  -webkit-justify-content: center;
  -ms-flex-pack: center;
  justify-content: center;
  padding: 0px;
  border-radius: 100%;
}

.c12 {
  display: -webkit-box;
  display: -webkit-flex;
  display: -ms-flexbox;
  display: flex;
  box-sizing: border-box;
  outline: none;
  max-width: 100%;
  margin: 0px;
  height: 20px;
  width: 20px;
  -webkit-align-items: center;
  -webkit-box-align: center;
  -ms-flex-align: center;
  align-items: center;
  border: solid 1px #7D4CDB;
  min-width: 0;
  min-height: 0;
  -webkit-flex-direction: column;
  -ms-flex-direction: column;
  flex-direction: column;
  -webkit-box-pack: center;
  -webkit-justify-content: center;
  -ms-flex-pack: center;
  justify-content: center;
  padding: 0px;
  border-radius: 100%;
}

.c9 {
  -webkit-flex: 0 0 auto;
  -ms-flex: 0 0 auto;
  flex: 0 0 auto;
  height: 12px;
}

.c1 {
  font-family: 'Nunito',Arial,sans-serif;
  font-size: 14px;
  line-height: 1.5;
  box-sizing: border-box;
  -webkit-text-size-adjust: 100%;
  -ms-text-size-adjust: 100%;
  -moz-osx-font-smoothing: grayscale;
  -webkit-font-smoothing: antialiased;
}

.c4 {
  -webkit-user-select: none;
  -moz-user-select: none;
  -ms-user-select: none;
  user-select: none;
  opacity: 0.5;
  cursor: default;
}

.c4:hover input:not([disabled]) + div,
.c4:hover input:not([disabled]) + span {
  border-color: #000000;
}

.c10 {
  -webkit-user-select: none;
  -moz-user-select: none;
  -ms-user-select: none;
  user-select: none;
  cursor: pointer;
}

.c10:hover input:not([disabled]) + div,
.c10:hover input:not([disabled]) + span {
  border-color: #000000;
}

.c7 {
  opacity: 0;
  -moz-appearance: none;
  width: 0;
  height: 0;
  margin: 0;
}

.c11 {
  opacity: 0;
  -moz-appearance: none;
  width: 0;
  height: 0;
  margin: 0;
  cursor: pointer;
}

.c13 {
  box-sizing: border-box;
  width: 12px;
  height: 12px;
  fill: #FFFFFF;
}

.c0 {
  font-family: 'Nunito',Arial,sans-serif;
}

.c0 h1,
.c0 h2,
.c0 h3,
.c0 h4,
.c0 h5,
.c0 h6,
.c0 label,
.c0 button {
  font-family: CircularStd,Arial,sans-serif;
}

.c2 label:hover input:not([disabled]) + div,
.c2 label:hover input:not([disabled]) + span {
  box-shadow: 0 0 4px 0 rgba(221,225,240,0.7);
  border-color: #00AEEF;
}

.c2 > label > span {
  font-family: 'Nunito',Arial,sans-serif;
}

.c2 > label input + div {
  border-color: #00AEEF;
}

.c2 label input[checked] + div {
  background: #00AEEF;
}

.c2 label[disabled] {
  opacity: 0.4;
}

@media only screen and (max-width:768px) {
  .c3 {
    margin: 0px;
  }
}

@media only screen and (max-width:768px) {
  .c3 {
    padding: 0px;
  }
}

@media only screen and (max-width:768px) {
  .c5 {
    margin: 0px;
  }
}

@media only screen and (max-width:768px) {
  .c5 {
    padding: 0px;
  }
}

@media only screen and (max-width:768px) {
  .c6 {
    margin-right: 10px;
  }
}

@media only screen and (max-width:768px) {
  .c6 {
    padding: 0px;
  }
}

@media only screen and (max-width:768px) {
  .c8 {
    margin: 0px;
  }
}

@media only screen and (max-width:768px) {
  .c8 {
    border: solid 1px rgba(0,0,0,0.15);
  }
}

@media only screen and (max-width:768px) {
  .c8 {
    padding: 0px;
  }
}

@media only screen and (max-width:768px) {
  .c12 {
    margin: 0px;
  }
}

@media only screen and (max-width:768px) {
  .c12 {
    border: solid 1px #7D4CDB;
  }
}

@media only screen and (max-width:768px) {
  .c12 {
    padding: 0px;
  }
}

@media only screen and (max-width:768px) {
  .c9 {
    height: 6px;
  }
}

<div
  className="c0 c1"
>
  <div
    className="c2 c3"
    value="selected"
  >
    <label
      className="c4 c5"
      disabled={true}
      onClick={[Function]}
    >
      <div
        className="c6"
      >
        <input
          checked={false}
          className="c7"
          disabled={true}
          name="radio button group"
          onBlur={[Function]}
          onFocus={[Function]}
          type="radio"
          value="disabled"
        />
        <div
          className="c8"
        />
      </div>
      <span>
        disabled
      </span>
    </label>
    <div
      className="c9"
    />
    <label
      className="c10 c5"
      disabled={false}
      onClick={[Function]}
    >
      <div
        className="c6"
      >
        <input
          checked={false}
          className="c11"
          disabled={false}
          name="radio button group"
          onBlur={[Function]}
          onFocus={[Function]}
          type="radio"
          value="enabled"
        />
        <div
          className="c8"
        />
      </div>
      <span>
        enabled
      </span>
    </label>
    <div
      className="c9"
    />
    <label
      className="c10 c5"
      disabled={false}
      onClick={[Function]}
    >
      <div
        className="c6"
      >
        <input
          checked={true}
          className="c11"
          disabled={false}
          name="radio button group"
          onBlur={[Function]}
          onFocus={[Function]}
          type="radio"
          value="selected"
        />
        <div
          className="c12"
        >
          <svg
            className="c13"
            preserveAspectRatio="xMidYMid meet"
            viewBox="0 0 24 24"
          >
            <circle
              cx={12}
              cy={12}
              r={6}
            />
          </svg>
        </div>
      </div>
      <span>
        selected
      </span>
    </label>
  </div>
</div>
`;
