// Jest Snapshot v1, https://goo.gl/fbAQLP

exports[`Txt renders correctly 1`] = `
<div
  className="sc-bdVaJa iLLxmY"
>
  <div
    className="sc-htoDjs jslKMR sc-gzVnrw jCPitn"
  >
    Hello world
  </div>
</div>
`;
