// Jest Snapshot v1, https://goo.gl/fbAQLP

exports[`Textarea component should match the stored snapshot 1`] = `
.c1 {
  font-family: 'Nunito',Arial,sans-serif;
  font-size: 14px;
  line-height: 1.5;
  box-sizing: border-box;
  -webkit-text-size-adjust: 100%;
  -ms-text-size-adjust: 100%;
  -moz-osx-font-smoothing: grayscale;
  -webkit-font-smoothing: antialiased;
}

.c3 {
  box-sizing: border-box;
  font-size: inherit;
  font-family: inherit;
  border: none;
  -webkit-appearance: none;
  padding: 11px;
  outline: none;
  background: transparent;
  color: inherit;
  font-weight: 400;
  margin: 0;
  border: 1px solid #DDE1f0;
  border-radius: 4px;
  width: 100%;
}

.c3::-webkit-search-decoration {
  -webkit-appearance: none;
}

.c3::-webkit-input-placeholder {
  color: #abb9c5;
}

.c3::-moz-placeholder {
  color: #abb9c5;
}

.c3:-ms-input-placeholder {
  color: #abb9c5;
}

.c3::-moz-focus-inner {
  border: none;
  outline: none;
}

.c2 {
  padding: 14px 20px;
  color: #3c3e42;
  cursor: auto;
  resize: vertical;
  display: block;
  width: 100%;
}

.c2:focus {
  border-color: #527699;
}

.c0 {
  font-family: 'Nunito',Arial,sans-serif;
  font-size: 14px;
}

.c0 h1,
.c0 h2,
.c0 h3,
.c0 h4,
.c0 h5,
.c0 h6,
.c0 button {
  font-family: CircularStd,Arial,sans-serif;
}

<div
  className="c0 c1"
>
  <textarea
    className="c2 c3"
    onBlur={[Function]}
    onFocus={[Function]}
    onKeyDown={[Function]}
  />
</div>
`;
