// Jest Snapshot v1, https://goo.gl/fbAQLP

exports[`Divider renders correctly 1`] = `
.c0 {
  font-family: 'Nunito',Arial,sans-serif;
  font-size: 14px;
  line-height: 1.5;
  box-sizing: border-box;
  -webkit-text-size-adjust: 100%;
  -ms-text-size-adjust: 100%;
  -moz-osx-font-smoothing: grayscale;
  -webkit-font-smoothing: antialiased;
}

.c2 {
  border: 0 none;
  border-top: 1px solid #DDE1f0;
  width: 100%;
  height: 0;
}

.c1 {
  font-family: 'Nunito',Arial,sans-serif;
  font-size: 14px;
}

.c1 h1,
.c1 h2,
.c1 h3,
.c1 h4,
.c1 h5,
.c1 h6,
.c1 button {
  font-family: CircularStd,Arial,sans-serif;
}

<div
  className="c0 c1"
>
  <hr
    className="c2 "
  />
</div>
`;
