// Jest Snapshot v1, https://goo.gl/fbAQLP

exports[`Markdown component should match the stored snapshot 1`] = `
.c0 {
  font-family: 'Nunito',Arial,sans-serif;
  font-size: 14px;
  line-height: 1.5;
  box-sizing: border-box;
  -webkit-text-size-adjust: 100%;
  -ms-text-size-adjust: 100%;
  -moz-osx-font-smoothing: grayscale;
  -webkit-font-smoothing: antialiased;
}

.c1 {
  font-family: 'Nunito',Arial,sans-serif;
  font-size: 14px;
  color: #2A506F;
}

.c1 h1,
.c1 h2,
.c1 h3,
.c1 h4,
.c1 h5,
.c1 h6,
.c1 button {
  font-family: CircularStd,Arial,sans-serif;
}

.c2 {
  -ms-text-size-adjust: 100%;
  -webkit-text-size-adjust: 100%;
  font-size: inherit;
  word-wrap: break-word;
}

.c2 .pl-c {
  color: #6a737d;
}

.c2 .pl-c1,
.c2 .pl-s .pl-v {
  color: #005cc5;
}

.c2 .pl-e,
.c2 .pl-en {
  color: #6f42c1;
}

.c2 .pl-smi,
.c2 .pl-s .pl-s1 {
  color: #24292e;
}

.c2 .pl-ent {
  color: #22863a;
}

.c2 .pl-k {
  color: #d73a49;
}

.c2 .pl-s,
.c2 .pl-pds,
.c2 .pl-s .pl-pse .pl-s1,
.c2 .pl-sr,
.c2 .pl-sr .pl-cce,
.c2 .pl-sr .pl-sre,
.c2 .pl-sr .pl-sra {
  color: #032f62;
}

.c2 .pl-v,
.c2 .pl-smw {
  color: #e36209;
}

.c2 .pl-bu {
  color: #b31d28;
}

.c2 .pl-ii {
  color: #fafbfc;
  background-color: #b31d28;
}

.c2 .pl-c2 {
  color: #fafbfc;
  background-color: #d73a49;
}

.c2 .pl-c2::before {
  content: '^M';
}

.c2 .pl-sr .pl-cce {
  font-weight: bold;
  color: #22863a;
}

.c2 .pl-ml {
  color: #735c0f;
}

.c2 .pl-mh,
.c2 .pl-mh .pl-en,
.c2 .pl-ms {
  font-weight: bold;
  color: #005cc5;
}

.c2 .pl-mi {
  font-style: italic;
  color: #24292e;
}

.c2 .pl-mb {
  font-weight: bold;
  color: #24292e;
}

.c2 .pl-md {
  color: #b31d28;
  background-color: #ffeef0;
}

.c2 .pl-mi1 {
  color: #22863a;
  background-color: #f0fff4;
}

.c2 .pl-mc {
  color: #e36209;
  background-color: #ffebda;
}

.c2 .pl-mi2 {
  color: #f6f8fa;
  background-color: #005cc5;
}

.c2 .pl-mdr {
  font-weight: bold;
  color: #6f42c1;
}

.c2 .pl-ba {
  color: #586069;
}

.c2 .pl-sg {
  color: #959da5;
}

.c2 .pl-corl {
  -webkit-text-decoration: underline;
  text-decoration: underline;
  color: #032f62;
}

.c2 .octicon {
  display: inline-block;
  vertical-align: text-top;
  fill: currentColor;
}

.c2 a {
  background-color: transparent;
  -webkit-text-decoration-skip: objects;
}

.c2 a:active,
.c2 a:hover {
  outline-width: 0;
}

.c2 strong {
  font-weight: inherit;
}

.c2 strong {
  font-weight: bolder;
}

.c2 h1 {
  font-size: 2em;
  margin: 0.67em 0;
}

.c2 img {
  border-style: none;
}

.c2 svg:not(:root) {
  overflow: hidden;
}

.c2 code,
.c2 kbd,
.c2 pre {
  font-family: 'Ubuntu Mono','Courier New',monospace;
  font-size: 1em;
}

.c2 hr {
  box-sizing: content-box;
  height: 0;
  overflow: visible;
}

.c2 input {
  font: inherit;
  margin: 0;
}

.c2 input {
  overflow: visible;
}

.c2 [type='checkbox'] {
  box-sizing: border-box;
  padding: 0;
}

.c2 * {
  box-sizing: border-box;
}

.c2 input {
  font-family: inherit;
  font-size: inherit;
  line-height: inherit;
}

.c2 a {
  color: #0366d6;
  -webkit-text-decoration: none;
  text-decoration: none;
}

.c2 a:hover {
  -webkit-text-decoration: underline;
  text-decoration: underline;
}

.c2 strong {
  font-weight: 600;
}

.c2 hr {
  height: 0;
  margin: 15px 0;
  overflow: hidden;
  background: transparent;
  border: 0;
  border-bottom: 1px solid #dfe2e5;
}

.c2 hr::before {
  display: table;
  content: '';
}

.c2 hr::after {
  display: table;
  clear: both;
  content: '';
}

.c2 table {
  border-spacing: 0;
  border-collapse: collapse;
}

.c2 td,
.c2 th {
  padding: 0;
}

.c2 h1,
.c2 h2,
.c2 h3,
.c2 h4,
.c2 h5,
.c2 h6 {
  margin-top: 0;
  margin-bottom: 0;
}

.c2 h1 {
  font-size: 32px;
  font-weight: 600;
}

.c2 h2 {
  font-size: 24px;
  font-weight: 600;
}

.c2 h3 {
  font-size: 20px;
  font-weight: 600;
}

.c2 h4 {
  font-size: 16px;
  font-weight: 600;
}

.c2 h5 {
  font-size: 14px;
  font-weight: 600;
}

.c2 h6 {
  font-size: 12px;
  font-weight: 600;
}

.c2 p {
  margin-top: 0;
  margin-bottom: 10px;
}

.c2 blockquote {
  margin: 0;
}

.c2 ul,
.c2 ol {
  padding-left: 0;
  margin-top: 0;
  margin-bottom: 0;
}

.c2 ol ol,
.c2 ul ol {
  list-style-type: lower-roman;
}

.c2 ul ul ol,
.c2 ul ol ol,
.c2 ol ul ol,
.c2 ol ol ol {
  list-style-type: lower-alpha;
}

.c2 dd {
  margin-left: 0;
}

.c2 code {
  font-family: 'Ubuntu Mono','Courier New',monospace;
  font-size: 1em;
}

.c2 pre {
  margin-top: 0;
  margin-bottom: 0;
  font-size: 1em;
  font-family: 'Ubuntu Mono','Courier New',monospace'Ubuntu Mono','Courier New',monospace;
  line-height: 10px;
  color: #444d56;
  vertical-align: middle;
  background-color: #fafbfc;
  border: solid 1px #d1d5da;
  border-bottom-color: #c6cbd1;
  border-radius: 3px;
  box-shadow: inset 0 -1px 0 #c6cbd1;
}

.c2:checked + .radio-label {
  position: relative;
  z-index: 1;
  border-color: #0366d6;
}

.c2 .task-list-item {
  list-style-type: none;
}

.c2 .task-list-item + .task-list-item {
  margin-top: 3px;
}

.c2 .task-list-item input {
  margin: 0 0.2em 0.25em -1.6em;
  vertical-align: middle;
}

.c2 hr {
  border-bottom-color: #eee;
}

<div
  className="c0 c1"
>
  <div
    className="c2"
    dangerouslySetInnerHTML={
      Object {
        "__html": "<p>Hello world</p>
",
      }
    }
  />
</div>
`;
