// Jest Snapshot v1, https://goo.gl/fbAQLP

exports[`Link component Should match the stored snapshot 1`] = `
.c0 {
  font-family: 'Nunito',Arial,sans-serif;
  font-size: 14px;
  line-height: 1.5;
  box-sizing: border-box;
  -webkit-text-size-adjust: 100%;
  -ms-text-size-adjust: 100%;
  -moz-osx-font-smoothing: grayscale;
  -webkit-font-smoothing: antialiased;
}

.c1 {
  font-family: 'Nunito',Arial,sans-serif;
  font-size: 14px;
  color: #2A506F;
}

.c1 h1,
.c1 h2,
.c1 h3,
.c1 h4,
.c1 h5,
.c1 h6,
.c1 button {
  font-family: CircularStd,Arial,sans-serif;
}

.c2 {
  -webkit-text-decoration: none;
  text-decoration: none;
  cursor: pointer;
  opacity: 1;
  display: inline-block;
}

.c2:active,
.c2:hover {
  color: hsl(196.29999999999995,100%,37.5%);
}

.c3 {
  color: #00AEEF;
}

<div
  className="c0 c1"
>
  <a
    className="c2 c3"
    color="primary.main"
  >
    Link
  </a>
</div>
`;
